1. На свой dev 
	  git status
2. Если что-то есть (типа error_log)
	  git clean -f
3. git status -> чисто
4. git checkout master  -> проверяем, что мы на ветке master
5. git status
   git pull origin master
6.(master) -> создаем ветку со № своей задачи
	git checkout -b MC-****
7.  Проверяем изменения в Sourcetree
8.(MC-****) git status
			git add .
			git status
			git commit -m "MC-**** change design"
			git push origin MC-****
9.  Переходим на ветку master
			git checkout master
(master)	git pull --all(забираем все ветки себе)
			git checkout dev (переходим на dev)
(dev)		git pull origin dev
(dev)		git merge MC-****    :q!
			git push origin dev
10. Иду на сервер

natasha@GvoHPbook ~/Work/dockers/www/gogvo (dev) $ ssh root@newdev.gogvo.com 
[root@newdev ~]# sudo su - gogvo
[gogvo@newdev ~]$ cd public_html/
[gogvo@newdev public_html]$ git pull origin dev



			ssh root...
			sudo su - ....
			cd public...
			git pull origin dev
11. В таске MC-****  check please on the dev -> переводим задачу на репортера -> проверяем на dev
12. Когда есть deploy ready -> создаем СС
		Project: Change Control
		Summary: берем из названия таска MC-****	
		Assigne: assigne to me
13. Идем MC-****
		ищем на gitlabe последнюю СС и берем от туда description
		Правим:
			Deploy Change: название таска
			Next branches: MC-****
			What system: gogvo... meetcheap.....
			Local Preparations:  --squash MC-****
								 "m.deploy MC-****
14. Task MC-**** заполняем желтую таблицу
	gogvo...|true| | | MC-****|
15. Консоль
(dev)   	git checout master
(master)	git status
			git pull orirgin master
			git checkout -b CC-**** (создаем новую СС)
(CC-****)   git merge MC-****
			git push origin CC-****  (:q!)
			
			Отдаю на проверку Ире,в СС-**** (please, approve)
			approved!!!
			git checkout master
			
(master)    		git status
			git pull origin master
			git merge --squash CC-**** (и далее как в discription CC-****)
			git status
			git commit -m "master deploy CC-****"
			git push origin master 
			
			
			natasha@GvoHPbook ~/Work/dockers/www/gogvo (master) $ git push origin master
To gitlab.gvodatacenter.com:gvo-development/gogvo-sa.git
 ! [rejected]            master -> master (fetch first)
error: failed to push some refs to 'git@gitlab.gvodatacenter.com:gvo-development/gogvo-sa.git'
hint: Updates were rejected because the remote contains work that you do
hint: not have locally. This is usually caused by another repository pushing
hint: to the same ref. You may want to first integrate the remote changes
hint: (e.g., 'git pull ...') before pushing again.
hint: See the 'Note about fast-forwards' in 'git push --help' for details.
natasha@GvoHPbook ~/Work/dockers/www/gogvo (master) $ git pull origin master
remote: Counting objects: 7, done.

			
			
16. СС-**** в коментариях -> Local Preparations done -> возвращаем задачу
17. Админам -> CC-****
18. Проверяю на live
19. CC-****  ->  Accepted - Deploymed ready - Done - Close
20. MC-****  ->  Done, please check on the live -> перевожу задачу



/******конфликт******/
	
GVOuser@DESKTOP-4GLMPBP MINGW64 /d/dockers/dockers/www/gvoconf/devgvoacademy/public_html (dev)
$ git merge GOGVO-1605
Auto-merging index.html
CONFLICT (content): Merge conflict in index.html

GVOuser@DESKTOP-4GLMPBP MINGW64 /d/dockers/dockers/www/gvoconf/devgvoacademy/public_html (dev|MERGING)
$ git status

Unmerged paths:
  (use "git add <file>..." to mark resolution)

        both modified:   index.html

Идем в Phpstorm ->  решаем, что оставляем  Merge->(слева -это дев ,все, что зеленое добавляем >>, справа изменения ветки-красным,
посредине что получаем:))->Aplya

GVOuser@DESKTOP-4GLMPBP MINGW64 /d/dockers/dockers/www/gvoconf/devgvoacademy/public_html (dev|MERGING)
$ git add .

GVOuser@DESKTOP-4GLMPBP MINGW64 /d/dockers/dockers/www/gvoconf/devgvoacademy/public_html (dev|MERGING)
$ git commit -m "resolved conflicts"
[dev 9c2dfb9] resolved conflicts

GVOuser@DESKTOP-4GLMPBP MINGW64 /d/dockers/dockers/www/gvoconf/devgvoacademy/public_html (dev)
$ git push origin dev


GVOuser@DESKTOP-4GLMPBP MINGW64 /d/dockers/dockers/www/gvoconf/devgvoacademy/public_html (dev)
$ ssh root@71.40.108.244
cd /home/devgvoacademy`
`sudo su - devgvoacademy`
`cd public_html`
`git pull origin dev


Откатить мерж
$ git reset --hard HEAD
HEAD is now at 741caab Merge branch 'GOGVO-1605' into dev


GVOuser@DESKTOP-4GLMPBP MINGW64 /d/dockers/dockers/www/gvoconf/devgvoacademy/public_html (master)
$  git rm -r --cached GoMobile/   -удаление



	
GVOuser@DESKTOP-4GLMPBP MINGW64 /d/dockers/dockers/www/pureleverage (development)
$ ssh root@71.40.108.244
Last login: Fri Aug 31 04:00:24 2018 from 178.151.40.243
[root@gvo108244 ~]# cd /home
[root@gvo108244 home]# ls -la
total 8
drwxr-xr-x. 24 root             root             4096 Jun  6 06:46 .
dr-xr-xr-x. 17 root             root              242 Aug 31 02:02 ..
drwxr-x---.  3 devfanpagesystem devfanpagesystem   81 Jun  5 03:50 devfanpagesystem
drwx------.  3 devfiberchalleng devfiberchalleng   81 Jun  5 03:50 devfiberchalleng
drwx------.  3 devfreemarket    devfreemarket      81 Jun  5 05:20 devfreemarket
drwx------.  4 devgotbackup     devgotbackup      114 Jul 17 09:03 devgotbackup
drwx------.  4 devgvoacademy    devgvoacademy     114 Jun 26 08:18 devgvoacademy
drwx------.  7 devgvoconf       devgvoconf        173 Aug 16 04:31 devgvoconf
drwx------.  3 devgvopolska     devgvopolska       81 Jun  5 03:50 devgvopolska
drwx------.  4 devgvovideo      devgvovideo       130 Jun  8 08:36 devgvovideo
drwx------.  4 devhostt         devhostt          148 Jul 17 08:12 devhostt
drwx------.  3 devhotco         devhotco          118 Jun 11 07:24 devhotco
drwx------.  3 devinstantcom    devinstantcom      81 Jun  5 04:29 devinstantcom
drwx------.  3 devinstantinnet  devinstantinnet    81 Jun  5 04:28 devinstantinnet
drwx------.  3 devlocal         devlocal           81 Jun  5 03:50 devlocal
drwx------.  4 devmeetc         devmeetc          130 Aug 28 04:11 devmeetc
drwx------.  4 devmyownmeeting  devmyownmeeting   148 Jun 20 02:48 devmyownmeeting
drwx------.  3 devmypre         devmypre           81 Jun  5 04:47 devmypre
drwx------.  4 devpurl          devpurl           154 Jun 28 07:52 devpurl
drwx------.  3 devrelia         devrelia           81 Jun  5 03:50 devrelia
drwx------.  3 devsecretprelaun devsecretprelaun   81 Jun  5 03:50 devsecretprelaun
drwx------.  3 devstopthehype   devstopthehype     81 Jun  5 04:29 devstopthehype
drwx------.  3 devtestimonial   devtestimonial     81 Jun  5 03:50 devtestimonial
drwx------.  3 devwebinaralived devwebinaralived   81 Jun  5 03:50 devwebinaralived
-rw-r--r--.  1 root             root              584 Jun  5 03:31 list
[root@gvo108244 home]# cd devpurl/
[root@gvo108244 devpurl]# sudo su - devpurl
Last login: Fri Aug 31 04:01:24 CDT 2018 on pts/0
[devpurl@gvo108244 ~]$ cd public_html/
[devpurl@gvo108244 public_html]$ git pull origin dev
fatal: Couldn't find remote ref dev

[devpurl@gvo108244 public_html]$ git pull origin development
remote: Counting objects: 197, done.    --- :q!
	
	
	
history |grep git


po->> mo
on:dev: msgfmt -v locale/es/LC_MESSAGES/main.po -o locale/es/LC_MESSAGES/main.mo	
msgfmt -v web/locale/es/LC_MESSAGES/main.po -o web/locale/es/LC_MESSAGES/main.mo



//сервер

GVOuser@DESKTOP-4GLMPBP MINGW64 ~
$ ssh root@localhost
root@localhost's password:

[root@localhost ~]# docker exec -it 6a990f4f6459 msgfmt -v /home/gogvo/public_html/locale/ru/LC_MESSAGES/affiliates.po -o /home/gogvo/public_html/locale/ru/LC_MESSAGES/affiliates.mo



[root@localhost ~]# docker ps      //здесь мы смотрим какой Php 
CONTAINER ID        IMAGE                       COMMAND                  CREATED             STATUS              PORTS                                                    NAMES
6a990f4f6459        mnt_centos7_php56_httpd24   "/usr/sbin/init"         12 days ago         Up About an hour    10.0.3.15:80->80/tcp, 10.0.3.15:443->443/tcp, 4730/tcp   mnt_centos7_php56_httpd24_1
94ff1ff554f8        mnt_centos7_php53_httpd24   "/usr/sbin/init"         12 days ago         Up About an hour    10.0.3.15:888->80/tcp, 10.0.3.15:444->443/tcp            mnt_centos7_php53_httpd24_1
b607bd2f81ad        mnt_ubuntu_php72            "/usr/local/bin/run"     12 days ago         Up About an hour    10.0.4.15:80->80/tcp, 10.0.4.15:443->443/tcp             mnt_ubuntu_php72_1
4c03cfea2f2f        mariadb:10.1                "docker-entrypoint.s…"   12 days ago         Up About an hour    10.0.3.15:3306->3306/tcp                                 mnt_mysql_1
[root@localhost ~]# cd /home/gvo/mnt/
[root@localhost mnt]# ls -la
total 2177809
drwxrwxrwx  1 gvo root       4096 Aug 20 08:11 .
drwx------. 4 gvo gvo         122 Jun  6 00:46 ..
-rwxrwxrwx  1 gvo root       2058 Aug 14 07:13 docker-compose.yml
drwxrwxrwx  1 gvo root          0 Jul 23 12:10 gearman
drwxrwxrwx  1 gvo root          0 Jul 23 12:10 multi_php_centos7
drwxrwxrwx  1 gvo root          0 Aug 16 11:47 mysql_mariadb10.1
-rwxrwxrwx  1 gvo root 2230061597 Aug 20 07:44 mysql.tar.gz
drwxrwxrwx  1 gvo root          0 Jul 23 12:10 php53-apache22-centos
drwxrwxrwx  1 gvo root          0 Jul 23 12:10 php-53-centos7
drwxrwxrwx  1 gvo root          0 Jul 23 12:10 php-56-centos7
drwxrwxrwx  1 gvo root          0 Jul 23 12:10 php-56-centos7_2
drwxrwxrwx  1 gvo root          0 Jul 23 12:10 php-72-centos7
drwxrwxrwx  1 gvo root          0 Jul 26 11:33 php-72-ubuntu18.04
-rwxrwxrwx  1 gvo root         17 Jul 24 06:54 test
drwxrwxrwx  1 gvo root       4096 Sep  6 04:28 www


[root@localhost mnt]# cat docker-compose.yml     // в этом файле смотрим какой проект к какому centos  - относиться

[root@localhost mnt]# docker exec -it 94ff1ff554f8 bash

[root@94ff1ff554f8 /]# cd /home/devgotbackup/public_html/
 -o locale/ru_RU/LC_MESSAGES/prelaunch.mov locale/ru_RU/LC_MESSAGES/prelaunch.po
/*************************************************************************************************/

удаление ветки СС(сделаной от dev)

если вдруг сделала уже:   git merge --squash CC-2495
то удаляем: git reset --hard HEAD^


далее удаляем саму ветку


natasha@GvoHPbook ~/Work/dockers/www/gogvo (master) $ git push origin --delete CC-2495
To gitlab.gvodatacenter.com:gvo-development/gogvo-sa.git
 - [deleted]             CC-2495
natasha@GvoHPbook ~/Work/dockers/www/gogvo (master) $ git branch -d CC-2495
error: The branch 'CC-2495' is not fully merged.
If you are sure you want to delete it, run 'git branch -D CC-2495'.
natasha@GvoHPbook ~/Work/dockers/www/gogvo (master) $ git branch -D CC-2495
Deleted branch CC-2495 (was f121ddc4f).

natasha@GvoHPbook ~/Work/dockers/www/gogvo (master) $ git status

natasha@GvoHPbook ~/Work/dockers/www/gogvo (master) $ git pull origin master

natasha@GvoHPbook ~/Work/dockers/www/gogvo (master) $ git pull --all

natasha@GvoHPbook ~/Work/dockers/www/gogvo (master) $ git branch

/****************************************************************************************/
 В CC-5555 для gvo
 
  msgfmt -v web/locale/es/LC_MESSAGES/affiliates.po -o web/locale/es/LC_MESSAGES/affiliates.mo
 msgfmt -v web/locale/ru/LC_MESSAGES/affiliates.po -o  web/locale/ru/LC_MESSAGES/affiliates.mo

natasha@GvoHPbook ~/Work/dockers/www/gogvo (master) $ git checkout CC-2495
error: pathspec 'CC-2495' did not match any file(s) known to git.
natasha@GvoHPbook ~/Work/dockers/www/gogvo (master) $ git checkout -b CC-2495


/*****************************************************************************************************/
Локально сделать переводы

natasha@GvoHPbook ~ $ sudo docker exec -it 8a7dd0709973 msgfmt -v /home/gogvo/public_html/locale/ru/LC_MESSAGES/affiliates.po -o /home/gogvo/public_html/locale/ru/LC_MESSAGES/affiliates.mo
[sudo] password for natasha: 
3076 translated messages, 1 untranslated message.

/****************************************************************************************************/
git checkout -- .

это отмена не индексированых изменений
т.е. ты что-то поменяла и до выполнения команды `git add .`, этой командой мы можем отменить изменения
1го или нескольких файлов)
/****************************************************************************************************/

если добавил лишние файлы командой `git add .` то удаляе каждый файл

git reset HEAD web/traffic/thankyou/error_log

/****************************************************************************************************/

natasha@GvoHPbook ~/Work/dockers/www/gvoconf/devmyownmeeting/public_html (dev) $ ssh root@dev.myownmeeting.com
The authenticity of host 'dev.myownmeeting.com (71.40.108.244)' can't be established.
ECDSA key fingerprint is SHA256:atYEivnaDr+fRdH+Els3cIWw8FCjgoN5RHteEx+aP3s.
Are you sure you want to continue connecting (yes/no)? yes
Warning: Permanently added 'dev.myownmeeting.com' (ECDSA) to the list of known hosts.
Last login: Wed Nov 14 07:21:11 2018 from 178.151.40.243
[root@gvo108244 ~]# sudo su - devmyownmeet
su: user devmyownmeet does not exist
[root@gvo108244 ~]# ls -la /home/
total 8
drwxr-xr-x. 24 root             root             4096 Jun  6 06:46 .
dr-xr-xr-x. 17 root             root              242 Nov 14 02:01 ..
drwxr-x---.  3 devfanpagesystem devfanpagesystem   81 Jun  5 03:50 devfanpagesystem
drwx------.  3 devfiberchalleng devfiberchalleng   81 Jun  5 03:50 devfiberchalleng
drwx------.  3 devfreemarket    devfreemarket      81 Jun  5 05:20 devfreemarket
drwx------.  4 devgotbackup     devgotbackup      130 Sep 17 04:22 devgotbackup
drwx------.  4 devgvoacademy    devgvoacademy     114 Jun 26 08:18 devgvoacademy
drwx------.  7 devgvoconf       devgvoconf        173 Aug 16 04:31 devgvoconf
drwx------.  3 devgvopolska     devgvopolska       81 Jun  5 03:50 devgvopolska
drwx------.  4 devgvovideo      devgvovideo       130 Jun  8 08:36 devgvovideo
drwx------.  4 devhostt         devhostt          148 Jul 17 08:12 devhostt
drwx------.  3 devhotco         devhotco          118 Jun 11 07:24 devhotco
drwx------.  3 devinstantcom    devinstantcom      81 Jun  5 04:29 devinstantcom
drwx------.  3 devinstantinnet  devinstantinnet    81 Jun  5 04:28 devinstantinnet
drwx------.  3 devlocal         devlocal           81 Jun  5 03:50 devlocal
drwx------.  4 devmeetc         devmeetc          130 Sep  5 05:27 devmeetc
drwx------.  4 devmyownmeeting  devmyownmeeting   148 Jun 20 02:48 devmyownmeeting
drwx------.  3 devmypre         devmypre           81 Jun  5 04:47 devmypre
drwx------.  4 devpurl          devpurl           170 Oct 10 07:58 devpurl
drwx------.  3 devrelia         devrelia           81 Jun  5 03:50 devrelia
drwx------.  3 devsecretprelaun devsecretprelaun   81 Jun  5 03:50 devsecretprelaun
drwx------.  3 devstopthehype   devstopthehype     81 Jun  5 04:29 devstopthehype
drwx------.  3 devtestimonial   devtestimonial     81 Jun  5 03:50 devtestimonial
drwx------.  3 devwebinaralived devwebinaralived   81 Jun  5 03:50 devwebinaralived
-rw-r--r--.  1 root             root              584 Jun  5 03:31 list

смотрим как называется юзер и берем его

[root@gvo108244 ~]# sudo su - devmyownmeeting
Last login: Tue Jun 19 06:41:17 CDT 2018 on pts/1
[devmyownmeeting@gvo108244 ~]$ cd public_html/
[devmyownmeeting@gvo108244 public_html]$ git pull origin dev

/***************************************/
//удаление ветки локально и удаленно
natasha@GvoHPbook ~/Work/dockers/www/gvotools/public_html (master) $ git push origin --delete CC-2649
To gitlab.gvodatacenter.com:gvo-development/gvo-faq.git
 - [deleted]         CC-2649
natasha@GvoHPbook ~/Work/dockers/www/gvotools/public_html (master) $ git branch -D CC-2649
Deleted branch CC-2649 (was 69b7cc5).

natasha@GvoHPbook ~/Work/dockers/www/gvotools/public_html (master) $ git pull --all
natasha@GvoHPbook ~/Work/dockers/www/gvotools/public_html (master) $ git status
natasha@GvoHPbook ~/Work/dockers/www/gvotools/public_html (master) $ git branch

/*********************************************/
для pulereverage в хостах убираем # и тогда дев будет смотреть на локал и можно все менять

ssh root@71.40.108.244

после чтоб дев опять смотрел на дев делаем пинг ping dev.pureleverage.com и тогде оно точно смотрит туда куда надо 
/***********************************************/
NLS - удаление error files


natasha@GvoHPbook ~/Work/dockers/www/nls (SMW-2079) $ git checkout dev
error: The following untracked working tree files would be overwritten by checkout:
        web/members/new_design/error_log
Please move or remove them before you switch branches.
Aborting

natasha@GvoHPbook ~/Work/dockers/www/nls (SMW-2079) $ rm web/members/new_design/error_log
rm: remove write-protected regular file 'web/members/new_design/error_log'? yes
natasha@GvoHPbook ~/Work/dockers/www/nls (SMW-2079) $ git status
On branch SMW-2079
nothing to commit, working tree clean


